[www.alexbecker.gg/index.html]
[backblue.gif]
[fade.gif]
[index.html]
[assets.squarespace.com/universal/default-favicon.ico]
[assets.squarespace.com/@sqs/polyfiller/1.6/legacy.js]
[use.typekit.net/ik/-bX-iG_sxHNUh3N9slWY_4aor0dszLBWkDsaNYupyAIfecGJXnX1IyvhF2jtFRZLFRSow2y8jQgRFhwDwRqUFAFyZ2IhjDZye6MKfcBRiAuTdKu3Scv7f6Rwk3IbMg6BJMJ7f6RBk3IbMg6YJMJ7f6RFk3IbMg6VJMJ7f6Rek3IbMg6s]
[assets.squarespace.com/@sqs/polyfiller/1.6/modern.js]
[assets.squarespace.com/universal/scripts-compressed/extract-css-runtime-d5caa4fce73106b4-min.en-US.js]
[assets.squarespace.com/universal/scripts-compressed/cldr-resource-pack-22ed584d99d9b83d-min.en-US.js]
[assets.squarespace.com/universal/scripts-compressed/extract-css-moment-js-vendor-6f2a1f6ec9a41489-min.en-US.js]
[assets.squarespace.com/universal/scripts-compressed/common-vendors-stable-fbd854d40b0804b7-min.en-US.js]
[assets.squarespace.com/universal/scripts-compressed/user-account-core-3d30d8ec3f184f53-min.en-US.js]
[assets.squarespace.com/universal/styles-compressed/user-account-core-fe5c190ea7c4282d-min.en-US.css]
[assets.squarespace.com/universal/scripts-compressed/performance-5df927ea2275cb8d-min.en-US.js]
[static1.squarespace.com/static/versioned-site-css/67908ea0c7c32915cad16c6a/5/5c5a519771c10ba3470d8101/67908ea0c7c32915cad16c73/1699/site.css]
[www.googletagmanager.com/gtag/jsf52c]
[static.ads-twitter.com/uwt.js]
[connect.facebook.net/en_US/fbevents.js]
[static1.squarespace.com/static/vta/5c5a519771c10ba3470d8101/versioned-assets/1761320932483-K8SZQ0RD368CXZIE5HY9/static.css]
[www.alexbecker.gg/cart.html]
[assets.squarespace.com/universal/scripts-compressed/common-vendors-71a7d19d6ccc13d0-min.en-US.js]
[www.w3.org/2000/svg.html]
[www.w3.org/2000/symbol]
[www.alexbecker.gg/meme-updates-1.html]
[www.alexbecker.gg/meme-updates.html]
[assets.squarespace.com/universal/scripts-compressed/common-1c68904514616181-min.en-US.js]
[www.instagram.com/4am.becker/index.html]
[www.youtube.com/channel/UCKQvGU-qtjEthINeViNbn6A.html]
[images.squarespace-cdn.com/content/v1/67908ea0c7c32915cad16c6a/e06de0b4-0aa0-496d-a0df-b462b90f793d/GhzojivXsAAzpmx.png]
[www.alexbecker.gg/index.html]
[static1.squarespace.com/static/vta/5c5a519771c10ba3470d8101/scripts/site-bundle.b5b3fbf6826f9d2f8a86db2c7d2e44ab.js]
[images.squarespace-cdn.com/index.html]
[use.typekit.net/index.html]
[p.typekit.net/index.html]
[fonts.gstatic.com/index.html]
[fonts.gstatic.com/s/poppins/v24/pxiDyp8kv8JHgFVrJJLm21llEA.ttf]
[fonts.gstatic.com/s/poppins/v24/pxiGyp8kv8JHgFVrJJLedw.ttf]
[fonts.gstatic.com/s/poppins/v24/pxiDyp8kv8JHgFVrJJLmy15lEA.ttf]
[fonts.gstatic.com/s/poppins/v24/pxiByp8kv8JHgFVrLDz8V1s.ttf]
[fonts.gstatic.com/s/poppins/v24/pxiEyp8kv8JHgFVrFJA.ttf]
[fonts.gstatic.com/s/poppins/v24/pxiByp8kv8JHgFVrLGT9V1s.ttf]
[fonts.googleapis.com/css2af96.css]
[assets.squarespace.com/universal/styles-compressed/user-account-core-fe5c190ea7c4282d-min.en-US.css]
[assets.squarespace.com/universal/images-v6/damask/error-dark.png]
[assets.squarespace.com/universal/images-v6/damask/error-dark@2x.png]
[fonts.gstatic.com/s/poppins/v24/pxiByp8kv8JHgFVrLCz7V1s.ttf]
[assets.squarespace.com/universal/images-v6/damask/play-button.png]
[assets.squarespace.com/universal/images-v6/damask/play-button@2x.png]
[assets.squarespace.com/universal/images-v6/damask/edit-aviary-light.png]
[assets.squarespace.com/universal/images-v6/damask/edit-aviary-light@2x.png]
[assets.squarespace.com/universal/images-v6/damask/edit-info-light.png]
[assets.squarespace.com/universal/images-v6/damask/edit-info-light@2x.png]
[assets.squarespace.com/universal/images-v6/damask/trash-9-light.png]
[assets.squarespace.com/universal/images-v6/damask/trash-9-light@2x.png]
[assets.squarespace.com/universal/images-v6/damask/trash-9-red.png]
[assets.squarespace.com/universal/images-v6/damask/trash-9-red@2x.png]
[assets.squarespace.com/universal/images-v6/damask/getty-16-light.png]
[assets.squarespace.com/universal/images-v6/damask/getty-32-light.png]
[assets.squarespace.com/universal/images-v6/damask/shopping-cart-16-light.png]
[assets.squarespace.com/universal/images-v6/damask/shopping-cart-32-light.png]
[assets.squarespace.com/universal/images-v6/icons/block-indicator-dark.png]
[assets.squarespace.com/universal/images-v6/icons/block-indicator-dark@2x.png]
[assets.squarespace.com/universal/fonts/squarespace-ui-font.eot]
[assets.squarespace.com/universal/fonts/squarespace-ui-fontd41d.eot]
[assets.squarespace.com/universal/fonts/squarespace-ui-font.svg]
[assets.squarespace.com/universal/fonts/squarespace-ui-font.woff]
[assets.squarespace.com/universal/fonts/squarespace-ui-font.ttf]
[assets.squarespace.com/universal/images-v6/icons/opentable-icons.png]
[assets.squarespace.com/universal/images-v6/icons/icon-searchqueries-20-dark.png]
[assets.squarespace.com/universal/images-v6/icons/icon-searchqueries-20-light.png]
[assets.squarespace.com/universal/images-v6/icons/icon-video-24-light-solid.png]
[assets.squarespace.com/universal/images-v6/standard/icon_close_7_light.png]
[assets.squarespace.com/universal/images-v6/icons/icon-settings-16-light.png]
[assets.squarespace.com/universal/fonts/social-20141119/social-icon-font.eot]
[assets.squarespace.com/universal/fonts/social-20141119/social-icon-font.woff]
[assets.squarespace.com/universal/fonts/social-20141119/social-icon-fontd41d.eot]
[assets.squarespace.com/universal/fonts/social-20141119/social-icon-font.ttf]
[static1.squarespace.com/static/versioned-site-css/67908ea0c7c32915cad16c6a/5/5c5a519771c10ba3470d8101/67908ea0c7c32915cad16c73/1699/site.css]
[assets.squarespace.com/universal/fonts/social-20141119/social-icon-font.svg]
[www.alexbecker.gg/signals/config/index.html]
[www.alexbecker.gg/a.4b.delayed]
[www.alexbecker.gg/POST.4c.delayed]
[www.alexbecker.gg/signals/plugins/index.html]
[www.alexbecker.gg/b.4d.delayed]
[www.alexbecker.gg/schema.org/index.html]
[www.alexbecker.gg/d.4e.delayed]
[www.alexbecker.gg/signals/iwl.4f.delayed]
[www.alexbecker.gg/signals/iwl.500fc5.delayed]
[www.alexbecker.gg/c.51.delayed]
[www.alexbecker.gg/c.52.delayed]
[connect.facebook.net/en_US/fbevents.js]
[static1.squarespace.com/static/vta/5c5a519771c10ba3470d8101/versioned-assets/1761320932483-K8SZQ0RD368CXZIE5HY9/static.css]
[assets.squarespace.com/universal/scripts-compressed/extract-css-runtime-fc1cf1a8a21959af-min.en-US.js]
[assets.squarespace.com/universal/styles-compressed/user-account-core-9e1ced656cba0209-min.en-US.css]
[www.alexbecker.gg/cart.html]
[www.w3.org/2000/svg.html]
[www.w3.org/2000/symbol.html]
[assets.squarespace.com/universal/scripts-compressed/extract-css-runtime-9f61133429eb6650-min.en-US.js]
[assets.squarespace.com/universal/scripts-compressed/user-account-core-bea7320b62e8b060-min.en-US.js]
[www.alexbecker.gg/meme-updates-1.html]
[www.alexbecker.gg/meme-updates.html]
[static.cdninstagram.com/rsrc.php/v4/yI/r/VsNE-OHk_8a.png]
[static.cdninstagram.com/rsrc.php/v4/yR/r/lam-fZmwmvn.png]
[static.cdninstagram.com/rsrc.php/v4/ys/r/aM-g435MtEX.png]
[static.cdninstagram.com/rsrc.php/v4/yx/r/H1l_HHqi4p6.png]
[static.cdninstagram.com/rsrc.php/v4/yB/r/-7Z_RkdLJUX.png]
[static.cdninstagram.com/rsrc.php/v4/yG/r/De-Dwpd5CHc.png]
[scontent.cdninstagram.com/v/t51.82787-19/518360263_17941254456032361_6801185388682157202_n8089.jpg]
[www.instagram.com/4am.becker/index7d7c.html]
[www.instagram.com/4am.becker/indexfef7.html]
[static.cdninstagram.com/rsrc.php/v4/y7/r/JHCvxk5nRKk.js]
[www.instagram.com/4am.becker/indexa209.html]
[www.instagram.com/4am.becker/index.html]
[assets.squarespace.com/universal/scripts-compressed/common-vendors-60df9d0464895099-min.en-US.js]
[www.instagram.com/4am.becker/index0016.html]
[www.instagram.com/4am.becker/indexc581.html]
[www.instagram.com/4am.becker/index539c.html]
[www.instagram.com/4am.becker/index014b.html]
[www.youtube.com/channel/UCKQvGU-qtjEthINeViNbn6A.html]
[assets.squarespace.com/universal/fonts/squarespace-ui-font.svg]
[assets.squarespace.com/universal/fonts/social-20141119/social-icon-font.svg]
[www.alexbecker.gg/signals/config/index.html]
[www.alexbecker.gg/a.html]
[www.alexbecker.gg/signals/plugins/index.html]
[www.alexbecker.gg/POST.html]
[www.alexbecker.gg/schema.org/index.html]
[www.alexbecker.gg/b.html]
[www.alexbecker.gg/d.html]
[www.alexbecker.gg/signals/iwl.html]
[www.alexbecker.gg/signals/iwl0fc5.html]
[www.alexbecker.gg/c.html]
[www.alexbecker.gg/c-2.html]
[assets.squarespace.com/universal/styles-compressed/user-account-core-9e1ced656cba0209-min.en-US.css]
[www.instagram.com/4am.becker/indexfef7.html]
[www.instagram.com/4am.becker/index7d7c.html]
[www.instagram.com/4am.becker/indexa209.html]
[www.instagram.com/4am.becker/index0016.html]
[www.instagram.com/4am.becker/indexde3a.html]
[www.instagram.com/4am.becker/index0b8e.html]
[www.instagram.com/4am.becker/indexf854.html]
[www.instagram.com/4am.becker/index9e29.html]
[www.instagram.com/4am.becker/index232e.html]
[www.instagram.com/4am.becker/index28b7.html]
[www.instagram.com/4am.becker/index6dd3.html]
[www.instagram.com/4am.becker/indexc581.html]
[www.instagram.com/4am.becker/index539c.html]
[www.instagram.com/4am.becker/indexecc8.html]
[www.instagram.com/4am.becker/indexaaeb.html]
[www.instagram.com/4am.becker/indexdc29.html]
[www.instagram.com/4am.becker/index014b.html]
[www.instagram.com/4am.becker/indexc91a.html]
[www.instagram.com/4am.becker/index0cf2.html]
[www.instagram.com/4am.becker/index7c40.html]
[www.instagram.com/4am.becker/index4017.html]
[www.instagram.com/4am.becker/index5a9d.html]
[www.instagram.com/4am.becker/indexb2db.html]
[www.instagram.com/4am.becker/index9201.html]
[www.instagram.com/4am.becker/index1672.html]
[www.instagram.com/4am.becker/index5083.html]
[www.instagram.com/4am.becker/index7a92.html]
[www.instagram.com/4am.becker/indexc13b.html]
[www.instagram.com/4am.becker/index9e3e.html]
[www.instagram.com/4am.becker/index9841.html]
[www.instagram.com/4am.becker/indexd294.html]
[www.instagram.com/4am.becker/index0f5d.html]
[www.instagram.com/4am.becker/indexad0b.html]
[www.instagram.com/4am.becker/index5303.html]
[www.instagram.com/4am.becker/indexdb1e.html]
[www.instagram.com/4am.becker/indexe9b2.html]
[www.instagram.com/4am.becker/indexff11.html]
[www.instagram.com/4am.becker/indexf857.html]
[www.instagram.com/4am.becker/index882e.html]
[www.instagram.com/4am.becker/index6c7f.html]
[www.instagram.com/4am.becker/index327f.html]
[www.instagram.com/4am.becker/index3a7e.html]
[www.instagram.com/4am.becker/index030f.html]
[www.instagram.com/4am.becker/indexb058.html]
[www.instagram.com/4am.becker/index9d29.html]
[www.instagram.com/4am.becker/index0fe5.html]
[www.instagram.com/4am.becker/index2a81.html]
[www.instagram.com/4am.becker/indexc4e8.html]
[www.instagram.com/4am.becker/index9c85.html]
[www.instagram.com/4am.becker/indexcfe2.html]
[www.instagram.com/4am.becker/index562e.html]
[www.instagram.com/4am.becker/index241a.html]
[www.instagram.com/4am.becker/index53ad.html]
[www.instagram.com/4am.becker/index9d00.html]
[www.instagram.com/4am.becker/indexf4a3.html]
[www.instagram.com/4am.becker/indexfafd.html]
[www.instagram.com/4am.becker/index514d.html]
[www.instagram.com/4am.becker/android-app_/com.instagram.android/https/instagram.com/_u/4am.becker/index.html]
[static.cdninstagram.com/rsrc.php/v5/yj/l/0,cross/JfCdBSdkjBKLDby3saQi5H72trb-8OJeCyF31CV6xmXtaSfNcPedkT3yg5aMH4sibi_CeKo1gBhPdfgQe914iiBfONMKn3YhINqU49pVNahkCkodgyTQoY4zxQvuWABIjhhRs97xFZK--hBruh]
[static.cdninstagram.com/rsrc.php/v4/y7/r/JHCvxk5nRKk.js]
[static.cdninstagram.com/rsrc.php/v4iSpv4/yk/l/en_US/AS-N5sY94wmxNP_-6GDafm1NTpv-3wp0wANExZsZLFsYNl_H2pOXig-LyMDEoLS0xgDjggTq_8oSr7a9E5w5iwYY6GV9G9CXjkqDjM1ZvL76x56yU8v0_9P9Q3VrA7Ml4zITMifPciqIjZ_]
[static.cdninstagram.com/rsrc.php/v4ivxa4/yO/l/en_US/VVWJQGxfYCf3zYYdFjTXezubKZtuu8i0upJ5ZdQt8MbyXbo0P0r09zQdXmmdojDDH6sTux_cZiyLqXGvEZG4rxC75AYbmaH9Ld7MjOYK8pDG7YS-g6e-LamjkTjMzGxCqYqFKd0NfmpS2o2]
[static.cdninstagram.com/rsrc.php/v4ieLb4/yp/l/en_US/vR1hRvAPuRYvw8e0-rMgnw8BSp2qFJYCatQG2wIJH0qE8pVv8thpAgcldxZn_X4Ywy4rxbze0FGwuo1PisA35Q4u5cZfVaTi8buMsugQi4C7NYViBsqEew9KuAMBI80zJOUIavEFPuC6jPt]
[static.cdninstagram.com/rsrc.php/v4i8Hk4/y2/l/en_US/ND98L4iLuk3AAU5_l4XzoTZhNurtmlEgo9mxKT9dACSyoVlleSoKI1dhAbMBNTmkQSTLCmTWBrQQNjZYayg_kwHetro9WydPXb0ZSNRehSNFgFDAm1IeMDUZuOwKnUCgBM10fQBeTDVQd_4]
[static.cdninstagram.com/rsrc.php/v4iOAJ4/yO/l/en_US/lwK1rl3vadW.js]
[x.com/ZssBecker]
